// Jest Snapshot v1, https://goo.gl/fbAQLP

exports[`checkbox-boolean field should render correctly 1`] = `

<div class="formatic">
  <div class="optional">
    <div class>
      <span class="required-label not-required-text">
      </span>
    </div>
    <span>
    </span>
    <fieldset class>
      <span style="white-space: nowrap;">
        <input class
               disabled
               id="checkbox-boolean-1"
               type="checkbox"
               checked
        >
        <span>
        </span>
        <label for="checkbox-boolean-1">
          Enable Read-only
        </label>
      </span>
      <span style="white-space: nowrap;">
        <input class
               id="checkbox-boolean-2"
               type="checkbox"
               checked
        >
        <span>
        </span>
        <label for="checkbox-boolean-2">
          Is this checked?
        </label>
      </span>
      <span style="white-space: nowrap;">
        <input class
               id="checkbox-boolean-3"
               type="checkbox"
               checked
        >
        <span>
        </span>
        <label for="checkbox-boolean-3">
          Is this a checkbox?
        </label>
      </span>
    </fieldset>
  </div>
</div>

`;
